I'm sorry, but errors were detected in your script. Please correct the
errors listed below, and try again.


File "game/screens.rpy", line 293: 'show' is not a keyword argument or valid child of the screen statement.
    show ell_blink
        ^

Ren'Py Version: Ren'Py 8.1.1.23060707
Sun Apr 20 11:46:43 2025
